Redirect stdout (file: C:\Users\jiang\AppData\Local\Temp\accc47282).
AcCoreConsole: StdOutConsoleMode: processed-output: disabled,auto
AutoCAD Core Engine Console - Copyright 2023 Autodesk, Inc.  All rights reserved. (U.61.0.0)

Execution Path:
D:\AutoCAD 2024\accoreconsole.exe
Current Directory: D:\Claude_jiajia\06_古建保护归档
Isolating to regkey=gujian-t0, userDataFolder=C:\Users\jiang\AppData\Local\Temp\gujian-t0-autocad\profile.

Version Number: U.61.0.0 (UNICODE)
LogFilePath has been set to the working folder.
CoreHeartBeat
正在重生成模型。

**** 系统变量更改 ****
已从首选值更改 2 个监视系统变量。使用 SYSVARMONITOR 命令以查看更改。


AutoCAD 菜单实用工具 已加载。
命令:
命令:

命令:
命令: _.FILEDIA

输入 FILEDIA 的新值 <0>: 0

命令: _.AUDIT

是否更正检测到的任何错误？[是(Y)/否(N)] <N>: _Y



核查表头


核查表


第 1 阶段图元核查

阶段 1 已核查 300     个对象
第 2 阶段图元核查

阶段 2 已核查 300     个对象
核查块

 已核查 10      个块



正在核查 AcDsRecords


共发现 0 个错误，已修复 0 个

已删除 0 个对象


命令: _.ZOOM

指定窗口的角点，输入比例因子 (nX 或 nXP)，或者
[全部(A)/中心(C)/动态(D)/范围(E)/上一个(P)/比例(S)/窗口(W)/对象(O)] <实时>: _E
正在重生成模型。

命令: _.FILEDIA

输入 FILEDIA 的新值 <0>: 1

**** 系统变量更改 ****
已从首选值更改 1 个监视系统变量。使用 SYSVARMONITOR 命令以查看更改。

