01:01:04 | INFO: Data are loaded, start creating Blender stuff
01:01:04 | INFO: Blender create Mesh node 38301c4e-3ece-5a39-ac41-3ed7353cde3f
01:01:04 | INFO: Blender create Mesh node 862a474e-14d9-590d-ba5f-2dd8412668a0
01:01:04 | INFO: Blender create Mesh node 8c061032-0b9e-5406-a2be-b19eab01c9e0
01:01:04 | INFO: Blender create Mesh node 5add251d-b33d-56ca-b783-834997a6d405
01:01:04 | INFO: Blender create Mesh node e3187c1c-5e4c-5129-aebf-9a0cc43268ba
01:01:04 | INFO: Blender create Mesh node c6a56527-5e35-5d15-8759-a143e171034c
01:01:04 | INFO: Blender create Mesh node 074ea479-1cd5-57d3-952f-2f587724e722
01:01:04 | INFO: Blender create Mesh node 72b77512-c615-5dea-b49b-c4fb7eb4cca7
01:01:04 | INFO: Blender create Mesh node 289347c7-a40b-5a4b-a1f2-cad0d3ba59a6
01:01:04 | INFO: Blender create Mesh node 69ebeb19-41c1-58d7-a819-b187099f7f4d
01:01:04 | INFO: Blender create Mesh node 185653d7-d04e-5b12-bd36-7a8528f05069
01:01:04 | INFO: Blender create Mesh node 6a7b7560-1d51-5f79-af71-e3936a2b9ee3
01:01:04 | INFO: Blender create Mesh node 1766d540-b688-58b7-b377-0d915006069e
01:01:04 | INFO: Blender create Mesh node b293f865-659d-5861-a151-a38a4eae69d5
01:01:04 | INFO: Blender create Mesh node 70cc7f9b-68ca-5acb-92fc-d6f15900cc4d
01:01:04 | INFO: Blender create Mesh node 740b114b-81d7-5b32-8d24-ea9db1840174
01:01:04 | INFO: Blender create Mesh node dffb3f03-d6e8-5e22-a68e-38566ed3a547
01:01:04 | INFO: Blender create Mesh node a7633ecf-6dfb-5ab2-916a-8892399af604
01:01:04 | INFO: Blender create Mesh node a7cd1c9f-55a7-5d58-a8ca-213f993c7ca2
01:01:04 | INFO: Blender create Mesh node 68e938e8-9d9d-5c8a-9fcb-229d7c0c7c35
01:01:04 | INFO: Blender create Mesh node 491bd467-c50b-5422-8ea5-9ddc0569cc2a
01:01:04 | INFO: Blender create Mesh node 16ab7b6a-11c1-58e6-9e02-54cec0508ff6
01:01:04 | INFO: Blender create Mesh node 94da40db-39d5-5edc-b2ff-2a0fd9e73a25
01:01:04 | INFO: Blender create Mesh node 504ab404-53a7-565a-aaa6-c65eafb80702
01:01:04 | INFO: Blender create Mesh node 0ff7bc91-f596-58cd-83a9-6a11ea533b25
01:01:04 | INFO: Blender create Mesh node 5349d5ca-cdd7-5043-b71b-7646fda65dd3
01:01:04 | INFO: Blender create Mesh node 96d4821f-2d69-5eb8-9551-45963bae28d3
01:01:04 | INFO: Blender create Mesh node 3094ce3a-de91-5f4b-b162-74f0d2a682ac
01:01:04 | INFO: Blender create Mesh node 30fdc90d-de15-5994-9085-29ff33675d6e
01:01:04 | INFO: Blender create Mesh node 37affc44-b013-5a41-8804-61d01f4de2d6
01:01:04 | INFO: Blender create Mesh node bb82315d-5ef3-53c4-8a97-2b46523a846f
01:01:04 | INFO: Blender create Mesh node 368d5e60-6f6f-589c-9933-661a92413c59
01:01:04 | INFO: Blender create Mesh node d8e75e2f-afda-58f8-abc7-b8153c07d70e
01:01:04 | INFO: Blender create Mesh node c323583c-1688-524a-a88c-32a51af6823b
01:01:04 | INFO: Blender create Mesh node c8e6bb1e-743f-5b69-9a5a-6dc9a8201213
01:01:04 | INFO: Blender create Mesh node b523ea90-cb99-5dac-89c8-5bd4320772d9
01:01:04 | INFO: Blender create Mesh node 1c553b64-6fc0-5951-bd2b-d06ce3d5cc12
01:01:04 | INFO: Blender create Mesh node 425db65c-f6e3-5209-8173-a683329943e3
01:01:04 | INFO: Blender create Mesh node 4d2f94a8-8718-5a7b-beb6-ccc8c20429e2
01:01:04 | INFO: Blender create Mesh node b5360654-0bf8-569b-857b-a98c1ba6293c
01:01:04 | INFO: Blender create Mesh node 7475fa8f-22d8-53a9-aa0e-a0e723d8746f
01:01:04 | INFO: Blender create Mesh node 7b688434-0988-5cf6-b761-5596bb545fa8
01:01:04 | INFO: Blender create Mesh node 3b5eab24-286b-57a9-9f9b-afa06436c5b5
01:01:04 | INFO: Blender create Mesh node f7ae1ba2-db89-55c4-b87f-5ec3626c8587
01:01:04 | INFO: Blender create Mesh node bc9d1735-d4bd-5429-b06b-c696e43d8813
01:01:04 | INFO: Blender create Mesh node 77781e73-af65-58aa-9e94-d6c6220d6f42
01:01:04 | INFO: Blender create Mesh node 859f489d-decd-591c-91fe-485b3c5af1e0
01:01:04 | INFO: Blender create Mesh node 9cf03537-61a0-589e-98a7-9147ea7c4d68
01:01:04 | INFO: Blender create Mesh node 5c2efd41-8272-5ddb-a8a7-b5f4a65d7617
01:01:04 | INFO: Blender create Mesh node be11798d-6dd4-5fc3-a8b2-7b682a0ab176
01:01:04 | INFO: Blender create Mesh node 9dbbc2a2-da7a-520a-83dc-070ca84df5e8
01:01:04 | INFO: Blender create Mesh node abbc0abd-0e95-5496-98dc-48cc57413ee6
01:01:04 | INFO: Blender create Mesh node 176671a7-148c-546b-bb1e-e116b5899360
01:01:04 | INFO: Blender create Mesh node 33a91809-f61f-50ef-aae2-d32a0acf466b
01:01:04 | INFO: Blender create Mesh node 0bc484d2-21cb-5d50-8d0a-c354fff0146f
01:01:04 | INFO: Blender create Mesh node d42c7168-7a2a-5151-8184-c52a95c9af49
01:01:04 | INFO: Blender create Mesh node f4dfe515-859a-5375-9446-4d3abbb676c0
01:01:04 | INFO: Blender create Mesh node 0ec9cfd4-883c-5cca-bb3a-385e28209569
01:01:04 | INFO: Blender create Mesh node f46db7e4-55d9-50b9-a207-49cb903849ab
01:01:04 | INFO: Blender create Mesh node 04b6468e-6e17-5418-a3b5-764c8bd2305e
01:01:04 | INFO: Blender create Mesh node d4818da8-5160-5de4-bca0-92c3a7746206
01:01:04 | INFO: Blender create Mesh node f2d18960-a005-53bc-9f38-8eb9ac5ada4a
01:01:04 | INFO: Blender create Mesh node f9758a21-65b4-5c38-b74a-a3b3a310e83d
01:01:04 | INFO: Blender create Mesh node eb319ebf-1a7e-529d-b2fa-ee7a817e5786
01:01:04 | INFO: Blender create Mesh node ddad2254-b3cb-5c08-a185-aaec069324f1
01:01:04 | INFO: Blender create Mesh node a3b57612-b16b-5ce5-9c8a-df68a959d4bc
01:01:04 | INFO: Blender create Mesh node d654ec34-bd16-5e1e-9910-e2ef9be3349f
01:01:04 | INFO: Blender create Mesh node 2572b0bb-4997-5675-b14c-137dac2ad42c
01:01:04 | INFO: Blender create Mesh node d4299b17-f09d-566d-8399-92dcaf402d45
01:01:04 | INFO: Blender create Mesh node 22eaa2b3-eafe-510c-862e-460b55a43b77
01:01:04 | INFO: Blender create Mesh node 7a968862-d291-551f-bdfe-57baa158489e
01:01:04 | INFO: Blender create Mesh node 4002bbe9-b2ba-57eb-b5cc-eacf10351cd4
01:01:04 | INFO: Blender create Mesh node fc2f8704-77f3-5a6f-8d21-662c7000b674
01:01:04 | INFO: Blender create Mesh node fee6303b-43f7-5001-8420-078df8264ae6
01:01:04 | INFO: Blender create Mesh node a05d3dec-23cd-58d4-bb3d-d4b5b0e4ddd2
01:01:04 | INFO: Blender create Mesh node bb80c64a-5035-57bc-afa4-e424f806794e
01:01:04 | INFO: Blender create Mesh node 528508c5-e906-51af-a5ce-83d479e7f61f
01:01:04 | INFO: Blender create Mesh node 4da4c44e-d3df-55c1-9245-1e6aa7c12526
01:01:04 | INFO: Blender create Mesh node 8e088025-804d-588c-9733-d5d81107dc98
01:01:04 | INFO: Blender create Mesh node 7c9af611-b493-5dc3-8faf-b827e0da4c57
01:01:04 | INFO: Blender create Mesh node 98525c35-4f72-5c91-9c2a-f74fab2702f3
01:01:04 | INFO: Blender create Mesh node 268530ca-e098-5c98-88a2-4e3e3c93a799
01:01:04 | INFO: Blender create Mesh node 39a5df71-3d05-5463-b5dd-b3f052edd542
01:01:04 | INFO: Blender create Mesh node 93526130-8dd2-561a-aa8b-6431ae9d1cf0
01:01:04 | INFO: Blender create Mesh node 72cba1e7-e593-5193-a369-d2d1b46377d1
01:01:04 | INFO: Blender create Mesh node 5fc5ae0d-2193-5667-8e39-9902207ab7b6
01:01:04 | INFO: glTF import finished in 0.08s
00:04.156  render           | Saved: 'D:\Claude_jiajia\06_古建保护归档\验证材料\06_T0_CAD可行性验证\t0b-blender-preview.png'
Blender 5.0.1 (hash a3db93c5b259 built 2025-12-16 01:32:30)
{"status": "passed", "meshObjects": 86, "bounds": {"min": [-7.493311405181885, -6.0, -1.2000000476837158], "max": [7.493311405181885, 5.6855950355529785, 9.380000114440918]}, "preview": "D:\\Claude_jiajia\\06_\u53e4\u5efa\u4fdd\u62a4\u5f52\u6863\\\u9a8c\u8bc1\u6750\u6599\\06_T0_CAD\u53ef\u884c\u6027\u9a8c\u8bc1\\t0b-blender-preview.png"}
